Ashuganj South project path configured.
  root  : F:\LOCAL DISK E\idm\compressed\ Level 3 Term 1\306 Power Project
  MATLAB: 24.1.0.2537033 (R2024a)

============================================================================
  ANNOTATED ONE-LINE DIAGRAMS - solved load flow written on the sheet
============================================================================

  pass 1 - solving LF1 (no files written)

============================================================================
  ASHUGANJ 450 MW CCPP (SOUTH) - PHASE 12 BALANCED LOAD FLOW STUDY
============================================================================
  system base   : 100 MVA
  frequency     : 50 Hz  (Bangladesh grid - the prior CYME model used 60)
  cases         : LF1
  reporting base: 100 MVA (Q11a); transformer loading against every cooling stage

============================================================================
  CASE LF1
============================================================================
  Rated dispatch, GAT out of service
  G1 389.30 MW (rated) | GAT OUT | coupler CLOSED | radial | aux 14.000 MW + j8.676 MVAr
  solved in 29.0 s, 2 iterations, worst KCL residual 8.61e-08 MVA
  P_gen 389.3000 MW | aux 14.0000 MW | losses 0.81649 MW | export 374.4835 MW
  Q_gen 31.6759 MVAr | export -29.9862 MVAr | branch losses 0.81649 MW
  verdict: OK

  BUS       LABEL                                    TYPE     |V| pu   ang deg       P MW     Q MVAr
  BGRID230  EXT GRID 230 kV                         swing   1.000000    0.0000  -374.4835    29.9862
  B22       22 kV GEN BUS                              PV   1.000000  -22.2247   389.3000    31.6759
  B6_6      6.6 kV MV BUS                              PQ   1.000911    4.3342   -14.0000    -8.6764
  B6_6_WI1  6.6 kV WI-1  [= B6_6]                      PQ   1.000911    4.3342        NaN        NaN
  B6_6_WI2  6.6 kV WI-2  [= B6_6]                      PQ   1.000911    4.3342        NaN        NaN
  B230_1    230 kV BUS 1 + BUS 2 (coupler closed)      PQ   0.998672    1.0787     0.0000     0.0000
  B230_2    230 kV BUS 2  [= B230_1]                   PQ   0.998672    1.0787        NaN        NaN
  GAT_HV    GAT_HV                                     PQ   0.957242    4.3320    -0.0000     0.0000
  (3 of 8 register buses are the SAME solved node as another and show NaN injection;
   their allocated load shares are in the P_load_alloc columns of bus_results.csv)

============================================================================
  STUDY SUMMARY
============================================================================
  CASE  DESCRIPTION                         P_gen MW  P_exp MW Q_gen MVA   Loss MW     ITER  CHECKS
  LF1   Rated dispatch, GAT out of service  389.3000  374.4835   31.6759   0.81649        2  OK

  All 1 cases converged and passed every cross-check.


  pass 2 - rebuilding each case with its numbers stamped on
  LF1   Load_Flow_LF1_Annotated.png (554 kB)

  models : simulink/studies/Load_Flow_<case>_Annotated.slx
  sheets : results/diagrams/Load_Flow_<case>_Annotated.png
  NOTE   : simulink/main/Ashuganj_South_Main.slx is deliberately NOT
           annotated - it is the model to run a fresh study from.

