PresetModel | visible=on | Preset  model: | No
MechanicalLoad | visible=on | Mechanical input: | Mechanical power Pm
ShowDetailedParameters | visible=off | Show detailed parameters  | on
RotorType | visible=on | Rotor type: | Round
Units | visible=off | Mask units: | per unit standard parameters
MeasurementBus | visible=on | Use signal names to identify bus labels | on
NominalParameters | visible=on | Nominal power, line-to-line voltage, frequency [ Pn(VA)  Vn(Vrms)  fn(Hz) ]: | [6e+04 400 50]
Reactances1 | visible=on | Reactances [ Xd  Xd'  Xd''  Xq  Xq'  Xq''  Xl ] (pu): | [ 1.81, 0.3, 0.23, 1.76, 0.65, 0.25, 0.15 ]
Reactances2 | visible=off | Reactances [ Xd  Xd'  Xd''  Xq  Xq''  Xl ] (pu): | [2.24 0.17 0.12 1.02 0.13 0.08]
dAxisTimeConstants | visible=on | d axis: | Open-circuit
qAxisTimeConstants | visible=on | q axis: | Open-circuit
TimeConstants1 | visible=off | [ Tdo'  Tdo''  Tqo'' ] (s): | [ 4.4849  0.0681  0.1  ]
TimeConstants2 | visible=on | [ Tdo'  Tdo''  Tqo'  Tqo'' ] (s): | [ 8.0, 0.03, 1.0, 0.07 ]
TimeConstants3 | visible=off | [ Tdo'  Tdo''  Tq'' ] (s): | [  4.49  0.0681  0.0513  ]
TimeConstants4 | visible=off | [ Tdo'  Tdo''  Tq'  Tq'' ] (s): | [ 8.0, 0.03, 0.3371, 0.0295 ]
TimeConstants5 | visible=off | [ Td'  Td''  Tqo'' ] (s): | [ 1.01, 0.053, 0.1 ]
TimeConstants6 | visible=off | [ Td'  Td''  Tqo'  Tqo'' ] (s): | [ 1.3201, 0.023, 1.0, 0.07 ]
TimeConstants7 | visible=off | [ Td'  Td''  Tq'' ] (s): | [0.012 0.003 0.003]
TimeConstants8 | visible=off | [ Td'  Td''  Tq'  Tq'' ] (s): | [ 1.3201, 0.0231, 0.3371, 0.0295 ]
StatorResistance | visible=on | Stator resistance Rs (pu): | 0.037875
Mechanical | visible=on | Inertia coefficient, friction factor, pole pairs [ H(s)  F(pu)  p()]: | [0.1028 0.02056 2]
PolePairs | visible=off | Pole pairs p (): | 20
InitialConditions | visible=on | Initial conditions [ dw(%)  th(deg)  ia,ib,ic(pu)  pha,phb,phc(deg)  Vf(pu) ]: | [ 0  0  0  0  0  0  0  0  1 ] 
SetSaturation | visible=on | Simulate saturation | off
Saturation | visible=on | [ ifd; vt] (pu): | [0.6404,0.7127,0.8441,0.9214,0.9956,1.082,1.19,1.316,1.457;0.7,0.7698,0.8872,0.9466,0.9969,1.046,1.1,1.151,1.201]
LoadFlowParameters | visible=off | Load Flow:   [Bus Type, Active Power,  UAB, phase of UAN ] | [1,0,0,0,0]
TsPowergui | visible=off | Sample time of powergui block | 0
TsBlock | visible=on | Sample time (-1 for inherited) | -1
IterativeModel | visible=on |  | Trapezoidal non iterative
IterativeDiscreteModel | visible=on | Discrete solver model | Trapezoidal non iterative
BusType | visible=on | Generator type | PV
Pref | visible=on | Active power generation P (W) | 0
Qref | visible=off | Reactive power generation Q (var) | 0
Qmin | visible=on | Minimum reactive power Qmin (var) | -inf
Qmax | visible=on | Maximum reactive power Qmax (var) | inf
PLF | visible=off | Load flow solution:  P_LF (W) | 0
QLF | visible=off | Load flow solution:  Q_LF (var) | 0
Error using job003_machine_options (line 6)
Error in 'P6_MACHINE_OPTIONS/Machine': Failed to evaluate mask initialization commands.

Error in run (line 112)
evalin('caller', strcat(scriptStem, ';'));

Error in phase6_session_worker (line 21)
            evalin('base',sprintf('run(''%s'')',strrep(file,'''','''''')));
Caused by:
    Error using job003_machine_options (line 6)
    The diagram must contain a powergui block. The block should be named 'powergui' and should be located at the highest level of your diagram
    where Simscape Electrical Specialized Power Systems blocks are found.
    
    Error in run (line 112)
    evalin('caller', strcat(scriptStem, ';'));
    
    Error in phase6_session_worker (line 21)
                evalin('base',sprintf('run(''%s'')',strrep(file,'''','''''')));
