setting_A_primary
double
                   17170.8
                         4
                      1380
                      1500
                     17171
                    2403.8
                    387.84
                       320
                       320

                   17170.8
                         4
                      1380
                      1500
                     17171
                    2403.8
                    387.84
                       320
                       320

setting_A_secondary
double
                   1.14472
                       0.2
                    0.8625
                    0.9375
          1.14473333333333
         0.160253333333333
                    0.2424
                       0.2
                       0.2

                    1.1447
                       0.2
                    0.8625
                    0.9375
                    1.1447
                   0.16025
                    0.2424
                       0.2
                       0.2

ct_ratio
double
       15000
          20
        1600
        1600
       15000
       15000
        1600
        1600
        1600

       15000
          20
        1600
        1600
       15000
       15000
        1600
        1600
        1600

